1. Stopping Pin Paper, old Pinterest Wallpaper Compiler, and helpers...
2. Clearing resettable app runtime data while preserving media/source caches...
   Preserving persistent media/cache folders under:
   /Users/Evelyn/Pictures/Pin Paper
   /Users/Evelyn/Pictures/Pinterest Wallpaper Compiler
3. Extracting Phase 28.10 source/text toolbar/import polish build into isolation...
4. Replacing project folder...
5. Removing stale build outputs and dependency folders...
6. Installing dependencies...
npm warn deprecated inflight@1.0.6: This module is not supported, and leaks memory. Do not use it. Check out lru-cache if you want a good and tested way to coalesce async requests by a key value, which is much more comprehensive and powerful.
npm warn deprecated rimraf@2.6.3: Rimraf versions prior to v4 are no longer supported
npm warn deprecated glob@7.2.3: Old versions of glob are not supported, and contain widely publicized security vulnerabilities, which have been fixed in the current version. Please update. Support for old versions may be purchased (at exorbitant rates) by contacting i@izs.me
npm warn deprecated boolean@3.2.0: Package no longer supported. Contact Support at https://www.npmjs.com/support for more info.

added 361 packages, and audited 362 packages in 10s

57 packages are looking for funding
  run `npm fund` for details

1 high severity vulnerability

To address all issues, run:
  npm audit fix

Run `npm audit` for details.
7. Running checks...

> pin-paper@0.1.0 typecheck
> tsc --noEmit && tsc -p tsconfig.electron.json --noEmit

src/renderer/main.tsx(5861,46): error TS2367: This comparison appears to be unintentional because the types '"canceled" | "error" | "validating" | "discovering" | "paginating" | "downloading" | "complete" | undefined' and '"partial"' have no overlap.
