1. Stopping Pin Paper, old Pinterest Wallpaper Compiler, and helpers...
2. Resetting stale macOS camera/microphone privacy records for old and new app ids...
3. Clearing resettable app runtime data, prefs, caches, saved state, and web storage...
   Preserving persistent media/cache folders under:
   /Users/Evelyn/Pictures/Pin Paper
   /Users/Evelyn/Pictures/Pinterest Wallpaper Compiler
4. Extracting Phase 22.3.10.6.1 into isolation...
5. Replacing project source completely except .git...
6. Removing dependency and build remnants...
7. Clearing npm/electron/builder caches...
npm warn using --force Recommended protections disabled.
8. Installing public npm dependencies...
npm warn deprecated rimraf@2.6.3: Rimraf versions prior to v4 are no longer supported
npm warn deprecated inflight@1.0.6: This module is not supported, and leaks memory. Do not use it. Check out lru-cache if you want a good and tested way to coalesce async requests by a key value, which is much more comprehensive and powerful.
npm warn deprecated glob@7.2.3: Old versions of glob are not supported, and contain widely publicized security vulnerabilities, which have been fixed in the current version. Please update. Support for old versions may be purchased (at exorbitant rates) by contacting i@izs.me
npm warn deprecated boolean@3.2.0: Package no longer supported. Contact Support at https://www.npmjs.com/support for more info.

added 361 packages, and audited 362 packages in 35s

57 packages are looking for funding
  run `npm fund` for details

1 high severity vulnerability

To address all issues, run:
  npm audit fix

Run `npm audit` for details.
9. Running validation checks...

> pin-paper@0.1.0 typecheck
> tsc --noEmit && tsc -p tsconfig.electron.json --noEmit


> pin-paper@0.1.0 test
> npm run build:electron && node --test dist/main/*.test.js


> pin-paper@0.1.0 build:electron
> tsc -p tsconfig.electron.json

TAP version 13
# Subtest: canvas zoom clamps every input to 10 through 500 percent
ok 1 - canvas zoom clamps every input to 10 through 500 percent
  ---
  duration_ms: 2.424125
  type: 'test'
  ...
# Subtest: wheel deltas are normalized across pixel, line, and page devices
ok 2 - wheel deltas are normalized across pixel, line, and page devices
  ---
  duration_ms: 0.469875
  type: 'test'
  ...
# Subtest: wheel and button zoom are multiplicative and bounded
ok 3 - wheel and button zoom are multiplicative and bounded
  ---
  duration_ms: 0.185042
  type: 'test'
  ...
# Subtest: fit zoom respects viewport padding and global limits
ok 4 - fit zoom respects viewport padding and global limits
  ---
  duration_ms: 0.133166
  type: 'test'
  ...
# Subtest: cursor anchors map from the scaled client rectangle into logical canvas coordinates
ok 5 - cursor anchors map from the scaled client rectangle into logical canvas coordinates
  ---
  duration_ms: 3.532292
  type: 'test'
  ...
# Subtest: dropped placeholders are centered on the canvas drop point
ok 6 - dropped placeholders are centered on the canvas drop point
  ---
  duration_ms: 5.723625
  type: 'test'
  ...
# Subtest: drop placement clamps frames inside the canvas
ok 7 - drop placement clamps frames inside the canvas
  ---
  duration_ms: 0.181667
  type: 'test'
  ...
# Subtest: multiple dropped sources receive a visible cascade offset
ok 8 - multiple dropped sources receive a visible cascade offset
  ---
  duration_ms: 0.876042
  type: 'test'
  ...
# Subtest: drop placement can match the aspect ratio of the selected dropped image
ok 9 - drop placement can match the aspect ratio of the selected dropped image
  ---
  duration_ms: 0.176875
  type: 'test'
  ...
# Subtest: export set preserves live state unless explicitly advanced
ok 10 - export set preserves live state unless explicitly advanced
  ---
  duration_ms: 2.423166
  type: 'test'
  ...
# Subtest: legacy paper-frame values migrate into versioned Polaroid and Torn effects
ok 11 - legacy paper-frame values migrate into versioned Polaroid and Torn effects
  ---
  duration_ms: 0.873666
  type: 'test'
  ...
# Subtest: Polaroid insets use independent borders, caption height, and image inset
ok 12 - Polaroid insets use independent borders, caption height, and image inset
  ---
  duration_ms: 1.037584
  type: 'test'
  ...
# Subtest: torn-paper polygons are seeded and stable until Regenerate Tear changes the seed
ok 13 - torn-paper polygons are seeded and stable until Regenerate Tear changes the seed
  ---
  duration_ms: 5.771792
  type: 'test'
  ...
# Subtest: individual torn edges can be disabled without randomizing other edges
ok 14 - individual torn edges can be disabled without randomizing other edges
  ---
  duration_ms: 0.549458
  type: 'test'
  ...
# Subtest: project normalization, save/load, and duplication preserve independent expanded effects
ok 15 - project normalization, save/load, and duplication preserve independent expanded effects
  ---
  duration_ms: 13.716666
  type: 'test'
  ...
# Subtest: fit modes preserve or change aspect ratio as requested
ok 16 - fit modes preserve or change aspect ratio as requested
  ---
  duration_ms: 4.029375
  type: 'test'
  ...
# Subtest: background reset preserves color and clears image
ok 17 - background reset preserves color and clears image
  ---
  duration_ms: 0.479333
  type: 'test'
  ...
# Subtest: canvas resize can scale or center layers
ok 18 - canvas resize can scale or center layers
  ---
  duration_ms: 0.66175
  type: 'test'
  ...
# Subtest: crop offsets and zoom use the same deterministic placement engine
ok 19 - crop offsets and zoom use the same deterministic placement engine
  ---
  duration_ms: 0.14525
  type: 'test'
  ...
# Subtest: fill placement covers extreme aspect ratios with overscan
ok 20 - fill placement covers extreme aspect ratios with overscan
  ---
  duration_ms: 0.54825
  type: 'test'
  ...
# Subtest: crop clamping prevents blank areas after rotation-safe and rounded-frame sizing
ok 21 - crop clamping prevents blank areas after rotation-safe and rounded-frame sizing
  ---
  duration_ms: 0.167542
  type: 'test'
  ...
# Subtest: mask geometry clamps rounded corners and distinguishes circles
ok 22 - mask geometry clamps rounded corners and distinguishes circles
  ---
  duration_ms: 0.199333
  type: 'test'
  ...
# Subtest: reorder block preserves relative order and render semantics
ok 23 - reorder block preserves relative order and render semantics
  ---
  duration_ms: 4.183541
  type: 'test'
  ...
# Subtest: drag reorder uses reversed panel order correctly
ok 24 - drag reorder uses reversed panel order correctly
  ---
  duration_ms: 0.418667
  type: 'test'
  ...
# Subtest: shift selection follows visible panel order
ok 25 - shift selection follows visible panel order
  ---
  duration_ms: 0.181542
  type: 'test'
  ...
# Subtest: reordered layers preserve IDs and order through persistence
ok 26 - reordered layers preserve IDs and order through persistence
  ---
  duration_ms: 0.30525
  type: 'test'
  ...
# Subtest: selection marquee includes visible unlocked intersecting layers
ok 27 - selection marquee includes visible unlocked intersecting layers
  ---
  duration_ms: 0.43675
  type: 'test'
  ...
# Subtest: local file URLs are converted to the app-owned renderer protocol
ok 28 - local file URLs are converted to the app-owned renderer protocol
  ---
  duration_ms: 2.25725
  type: 'test'
  ...
# Subtest: local file protocol decoding preserves escaped filename characters
ok 29 - local file protocol decoding preserves escaped filename characters
  ---
  duration_ms: 0.2235
  type: 'test'
  ...
# Subtest: non-file URLs are left untouched
ok 30 - non-file URLs are left untouched
  ---
  duration_ms: 0.161958
  type: 'test'
  ...
# Subtest: imports folders and groups loose images while skipping unsupported and broken files
ok 31 - imports folders and groups loose images while skipping unsupported and broken files
  ---
  duration_ms: 44.559542
  type: 'test'
  ...
# Subtest: canonicalizes symbolic paths and suppresses duplicate top-level imports
ok 32 - canonicalizes symbolic paths and suppresses duplicate top-level imports
  ---
  duration_ms: 7.289583
  type: 'test'
  ...
# Subtest: does not create a source for an empty or unsupported folder
ok 33 - does not create a source for an empty or unsupported folder
  ---
  duration_ms: 13.670917
  type: 'test'
  ...
# Subtest: folder scanning remains top-level by default
ok 34 - folder scanning remains top-level by default
  ---
  duration_ms: 47.444875
  type: 'test'
  ...
# Denied browser permission request: media (audio)
# Denied browser permission request: notifications
# Subtest: media permission classifier blocks microphone, camera, and media capture aliases
ok 35 - media permission classifier blocks microphone, camera, and media capture aliases
  ---
  duration_ms: 2.768292
  type: 'test'
  ...
# Subtest: strict browser permission policy never grants renderer-origin prompts
ok 36 - strict browser permission policy never grants renderer-origin prompts
  ---
  duration_ms: 1.053959
  type: 'test'
  ...
# Subtest: legacy images-only policy is normalized to include usable video thumbnails
ok 37 - legacy images-only policy is normalized to include usable video thumbnails
  ---
  duration_ms: 4.598041
  type: 'test'
  ...
# Subtest: images-and-video-thumbnails includes usable thumbnails but not raw video
ok 38 - images-and-video-thumbnails includes usable thumbnails but not raw video
  ---
  duration_ms: 0.214959
  type: 'test'
  ...
# Subtest: polaroid reserves a larger bottom border
ok 39 - polaroid reserves a larger bottom border
  ---
  duration_ms: 2.506917
  type: 'test'
  ...
# Subtest: paper rotation is deterministic
ok 40 - paper rotation is deterministic
  ---
  duration_ms: 0.303416
  type: 'test'
  ...
# Subtest: legacy deckle uses the same deterministic torn-paper geometry
ok 41 - legacy deckle uses the same deterministic torn-paper geometry
  ---
  duration_ms: 0.788916
  type: 'test'
  ...
# Subtest: normal editor UI separates current-desktop preview from wallpaper-set export
ok 42 - normal editor UI separates current-desktop preview from wallpaper-set export
  ---
  duration_ms: 8.929084
  type: 'test'
  ...
# Subtest: main process registers generation and apply-file IPC handlers
ok 43 - main process registers generation and apply-file IPC handlers
  ---
  duration_ms: 1.317125
  type: 'test'
  ...
# Subtest: autosave compaction removes rendered previews without mutating live state
ok 44 - autosave compaction removes rendered previews without mutating live state
  ---
  duration_ms: 6.454292
  type: 'test'
  ...
# Subtest: renderer has a visible recovery boundary instead of an empty root
ok 45 - renderer has a visible recovery boundary instead of an empty root
  ---
  duration_ms: 2.657042
  type: 'test'
  ...
# Subtest: macOS wallpaper sets are versioned, staged, and finalized atomically
ok 46 - macOS wallpaper sets are versioned, staged, and finalized atomically
  ---
  duration_ms: 12.304083
  type: 'test'
  ...
# Subtest: Generate and Apply opens set creation for manual inactive-Space requests
ok 47 - Generate and Apply opens set creation for manual inactive-Space requests
  ---
  duration_ms: 3.628375
  type: 'test'
  ...
# Subtest: wallpaper set deletion requires explicit confirmation and preserves the parent folder
ok 48 - wallpaper set deletion requires explicit confirmation and preserves the parent folder
  ---
  duration_ms: 4.576167
  type: 'test'
  ...
# Subtest: current-desktop preview is explicit and never follows the saved all-Space target
ok 49 - current-desktop preview is explicit and never follows the saved all-Space target
  ---
  duration_ms: 5.241291
  type: 'test'
  ...
# Subtest: app scheduling controls and tray rotation commands are removed
ok 50 - app scheduling controls and tray rotation commands are removed
  ---
  duration_ms: 4.380167
  type: 'test'
  ...
# Subtest: wallpaper settings opens only from the explicit setup button
ok 51 - wallpaper settings opens only from the explicit setup button
  ---
  duration_ms: 9.156292
  type: 'test'
  ...
# Subtest: setup dialog keeps the exact folder path and readable numbered instructions
ok 52 - setup dialog keeps the exact folder path and readable numbered instructions
  ---
  duration_ms: 6.46575
  type: 'test'
  ...
# Subtest: current desktop preview explicitly advances assigned source pools once before rendering
ok 53 - current desktop preview explicitly advances assigned source pools once before rendering
  ---
  duration_ms: 8.588042
  type: 'test'
  ...
# Subtest: current desktop apply falls back to System Events and stops folder rotation
ok 54 - current desktop apply falls back to System Events and stops folder rotation
  ---
  duration_ms: 2.766
  type: 'test'
  ...
# Subtest: automation denial provides an actionable preview error
ok 55 - automation denial provides an actionable preview error
  ---
  duration_ms: 2.106333
  type: 'test'
  ...
# Subtest: shared wallpaper Store records are excluded from the user-visible desktop count
ok 56 - shared wallpaper Store records are excluded from the user-visible desktop count
  ---
  duration_ms: 3.347042
  type: 'test'
  ...
# Subtest: modern Store updates preserve macOS-generated Configuration and change only Files paths
ok 57 - modern Store updates preserve macOS-generated Configuration and change only Files paths
  ---
  duration_ms: 9.545667
  type: 'test'
  ...
# Subtest: modern Store transaction verifies user desktops and shared records separately
ok 58 - modern Store transaction verifies user desktops and shared records separately
  ---
  duration_ms: 2.015417
  type: 'test'
  ...
# Subtest: modern Store is the only inactive-Space strategy and refresh never restarts Dock
ok 59 - modern Store is the only inactive-Space strategy and refresh never restarts Dock
  ---
  duration_ms: 11.354542
  type: 'test'
  ...
# Subtest: desktop overlay architecture is completely removed
ok 60 - desktop overlay architecture is completely removed
  ---
  duration_ms: 6.424792
  type: 'test'
  ...
# Subtest: obsolete private bridge and desktop overlay architecture are not part of the build
ok 61 - obsolete private bridge and desktop overlay architecture are not part of the build
  ---
  duration_ms: 4.759292
  type: 'test'
  ...
# Subtest: legacy native global controller remains bounded while the renderer uses immutable wallpaper sets
ok 62 - legacy native global controller remains bounded while the renderer uses immutable wallpaper sets
  ---
  duration_ms: 6.953
  type: 'test'
  ...
# Subtest: native global eligibility protects per-monitor and different-image batches
ok 63 - native global eligibility protects per-monitor and different-image batches
  ---
  duration_ms: 0.558
  type: 'test'
  ...
# Subtest: legacy native global telemetry stays typed but is no longer the primary all-Space UI
ok 64 - legacy native global telemetry stays typed but is no longer the primary all-Space UI
  ---
  duration_ms: 7.059042
  type: 'test'
  ...
# Subtest: fade overlays stay disabled while native desktop refresh is the default
ok 65 - fade overlays stay disabled while native desktop refresh is the default
  ---
  duration_ms: 2.951958
  type: 'test'
  ...
# Subtest: renderer scheduling is removed while wallpaper operations remain single-flight
ok 66 - renderer scheduling is removed while wallpaper operations remain single-flight
  ---
  duration_ms: 10.507375
  type: 'test'
  ...
# Subtest: wallpaper controller is process-wide so the active-Space observer is not duplicated
ok 67 - wallpaper controller is process-wide so the active-Space observer is not duplicated
  ---
  duration_ms: 7.295041
  type: 'test'
  ...
# Subtest: visible-display application has bounded delayed verification before failure
ok 68 - visible-display application has bounded delayed verification before failure
  ---
  duration_ms: 2.69625
  type: 'test'
  ...
# Subtest: failed inactive-Space adoption rolls back to a visible-preserving Store baseline
ok 69 - failed inactive-Space adoption rolls back to a visible-preserving Store baseline
  ---
  duration_ms: 3.650042
  type: 'test'
  ...
# Subtest: wallpaper set cleanup is visible, destructive, and reports failures outside the modal
ok 70 - wallpaper set cleanup is visible, destructive, and reports failures outside the modal
  ---
  duration_ms: 6.601917
  type: 'test'
  ...
# Subtest: native confirmation names the exact folder and every child type being erased
ok 71 - native confirmation names the exact folder and every child type being erased
  ---
  duration_ms: 4.872958
  type: 'test'
  ...
# Subtest: Finder paths use Electron webUtils instead of deprecated File.path
ok 72 - Finder paths use Electron webUtils instead of deprecated File.path
  ---
  duration_ms: 12.47375
  type: 'test'
  ...
# Subtest: main process validates every picker and Finder import through one service
ok 73 - main process validates every picker and Finder import through one service
  ---
  duration_ms: 2.429708
  type: 'test'
  ...
# Subtest: empty-canvas Finder and existing-source drops create positioned placeholders
ok 74 - empty-canvas Finder and existing-source drops create positioned placeholders
  ---
  duration_ms: 3.873792
  type: 'test'
  ...
# Subtest: placeholder Finder drops assign all imported pools in shuffle mode
ok 75 - placeholder Finder drops assign all imported pools in shuffle mode
  ---
  duration_ms: 2.384833
  type: 'test'
  ...
# Subtest: drag feedback distinguishes sources, empty canvas, placeholders, and invalid items
ok 76 - drag feedback distinguishes sources, empty canvas, placeholders, and invalid items
  ---
  duration_ms: 5.671458
  type: 'test'
  ...
# Subtest: source reuse prefers canonical identity keys and existing image supersets
ok 77 - source reuse prefers canonical identity keys and existing image supersets
  ---
  duration_ms: 6.664667
  type: 'test'
  ...
# Subtest: the Sources header exposes one labeled Add Source control instead of three icon buttons
ok 78 - the Sources header exposes one labeled Add Source control instead of three icon buttons
  ---
  duration_ms: 9.025958
  type: 'test'
  ...
# Subtest: Add Source menu keeps every existing source workflow with visible labels and descriptions
ok 79 - Add Source menu keeps every existing source workflow with visible labels and descriptions
  ---
  duration_ms: 3.675875
  type: 'test'
  ...
# Subtest: Add Source menu supports hover grace periods, click toggling, outside clicks, and keyboard navigation
ok 80 - Add Source menu supports hover grace periods, click toggling, outside clicks, and keyboard navigation
  ---
  duration_ms: 4.400042
  type: 'test'
  ...
# Subtest: Add Source menu is portaled and clamped inside the application viewport
ok 81 - Add Source menu is portaled and clamped inside the application viewport
  ---
  duration_ms: 5.137916
  type: 'test'
  ...
# Subtest: Settings is shown only by the inspector tab and not repeated inside the panel
ok 82 - Settings is shown only by the inspector tab and not repeated inside the panel
  ---
  duration_ms: 4.146292
  type: 'test'
  ...
# Subtest: wheel zoom is editor-scoped, non-passive, coalesced, and faster
ok 83 - wheel zoom is editor-scoped, non-passive, coalesced, and faster
  ---
  duration_ms: 10.9565
  type: 'test'
  ...
# Subtest: the logical canvas is scaled as one composited surface instead of resizing every layer
ok 84 - the logical canvas is scaled as one composited surface instead of resizing every layer
  ---
  duration_ms: 9.523459
  type: 'test'
  ...
# Subtest: cursor anchoring preserves the exact point beneath the pointer
ok 85 - cursor anchoring preserves the exact point beneath the pointer
  ---
  duration_ms: 2.491041
  type: 'test'
  ...
# Subtest: keyboard zoom remains available while the persistent percentage panel is hidden
ok 86 - keyboard zoom remains available while the persistent percentage panel is hidden
  ---
  duration_ms: 3.873792
  type: 'test'
  ...
# Subtest: zoom state commits once after the gesture settles
ok 87 - zoom state commits once after the gesture settles
  ---
  duration_ms: 3.529917
  type: 'test'
  ...
# Subtest: editor preview and export share the same deterministic surface renderer
ok 88 - editor preview and export share the same deterministic surface renderer
  ---
  duration_ms: 13.953042
  type: 'test'
  ...
# Subtest: canvas surface is drawn behind placeholders so uploaded sources remain unaffected
ok 89 - canvas surface is drawn behind placeholders so uploaded sources remain unaffected
  ---
  duration_ms: 4.390458
  type: 'test'
  ...
# Subtest: all requested surface controls update persisted canvas settings
ok 90 - all requested surface controls update persisted canvas settings
  ---
  duration_ms: 4.304667
  type: 'test'
  ...
# Subtest: procedural texture generation is cached, bounded, and contains no implicit random regeneration
ok 91 - procedural texture generation is cached, bounded, and contains no implicit random regeneration
  ---
  duration_ms: 6.01325
  type: 'test'
  ...
# Subtest: resize handles render in an unclipped sibling overlay
ok 92 - resize handles render in an unclipped sibling overlay
  ---
  duration_ms: 9.326375
  type: 'test'
  ...
# Subtest: resize dots have large hit targets while keeping compact visible markers
ok 93 - resize dots have large hit targets while keeping compact visible markers
  ---
  duration_ms: 4.556125
  type: 'test'
  ...
# Subtest: resize controls isolate pointerdown from the layer move gesture
ok 94 - resize controls isolate pointerdown from the layer move gesture
  ---
  duration_ms: 10.458292
  type: 'test'
  ...
# Subtest: Add Source transitions from plus to a down chevron while expanded
ok 95 - Add Source transitions from plus to a down chevron while expanded
  ---
  duration_ms: 5.087166
  type: 'test'
  ...
# Subtest: Phase 18.4 restyles only the right inspector with flat divided sections
ok 96 - Phase 18.4 restyles only the right inspector with flat divided sections
  ---
  duration_ms: 8.989583
  type: 'test'
  ...
# Subtest: Phase 18.4 keeps the inspector structure intact while later phases can remove wallpaper guidance
ok 97 - Phase 18.4 keeps the inspector structure intact while later phases can remove wallpaper guidance
  ---
  duration_ms: 4.403541
  type: 'test'
  ...
# Subtest: background choices contain only Color and Image and legacy clear projects migrate to color
ok 98 - background choices contain only Color and Image and legacy clear projects migrate to color
  ---
  duration_ms: 29.359875
  type: 'test'
  ...
# Subtest: Wallpaper Rotation removes Apply to, template mapping, Advanced, and Diagnostics
ok 99 - Wallpaper Rotation removes Apply to, template mapping, Advanced, and Diagnostics
  ---
  duration_ms: 8.753791
  type: 'test'
  ...
# Subtest: the Canvas settings panel no longer exposes an Advanced section
ok 100 - the Canvas settings panel no longer exposes an Advanced section
  ---
  duration_ms: 6.690875
  type: 'test'
  ...
# Subtest: legacy target template modes normalize to the two supported assignment choices
ok 101 - legacy target template modes normalize to the two supported assignment choices
  ---
  duration_ms: 0.664667
  type: 'test'
  ...
# Subtest: editor and exporter consume the same normalized expanded frame geometry
ok 102 - editor and exporter consume the same normalized expanded frame geometry
  ---
  duration_ms: 17.080708
  type: 'test'
  ...
# Subtest: expanded effect state participates in structured project cloning, undo, autosave, and template snapshots
ok 103 - expanded effect state participates in structured project cloning, undo, autosave, and template snapshots
  ---
  duration_ms: 11.097417
  type: 'test'
  ...
# Subtest: legacy Paper Frame controls synchronize the new expanded effect structures during migration phase
ok 104 - legacy Paper Frame controls synchronize the new expanded effect structures during migration phase
  ---
  duration_ms: 5.141
  type: 'test'
  ...
# Subtest: expanded Polaroid inspector is reduced to direct-canvas photo positioning and a few frame controls
ok 105 - expanded Polaroid inspector is reduced to direct-canvas photo positioning and a few frame controls
  ---
  duration_ms: 12.769875
  type: 'test'
  ...
# Subtest: drop shadow editing is simplified to one slider and no checkbox shadow editor
ok 106 - drop shadow editing is simplified to one slider and no checkbox shadow editor
  ---
  duration_ms: 2.767666
  type: 'test'
  ...
# Subtest: editor and export both render Polaroid image transforms, warmth, caption, and shadows
ok 107 - editor and export both render Polaroid image transforms, warmth, caption, and shadows
  ---
  duration_ms: 7.074291
  type: 'test'
  ...
# Subtest: Polaroid patches are committed through the normal project undo path
ok 108 - Polaroid patches are committed through the normal project undo path
  ---
  duration_ms: 3.528333
  type: 'test'
  ...
# Subtest: expanded Torn Paper inspector exposes only depth, ridge count, and regenerate
ok 109 - expanded Torn Paper inspector exposes only depth, ridge count, and regenerate
  ---
  duration_ms: 11.864958
  type: 'test'
  ...
# Subtest: torn paper uses two shared tear controls instead of per-edge preset management
ok 110 - torn paper uses two shared tear controls instead of per-edge preset management
  ---
  duration_ms: 2.44125
  type: 'test'
  ...
# Subtest: tear regeneration is explicit and does not use Math.random in the Torn inspector
ok 111 - tear regeneration is explicit and does not use Math.random in the Torn inspector
  ---
  duration_ms: 4.236917
  type: 'test'
  ...
# Subtest: editor and export share deterministic torn texture detail rendering
ok 112 - editor and export share deterministic torn texture detail rendering
  ---
  duration_ms: 7.24775
  type: 'test'
  ...
# Subtest: many customized Polaroid and Torn layers normalize and round-trip without sharing effect objects
ok 113 - many customized Polaroid and Torn layers normalize and round-trip without sharing effect objects
  ---
  duration_ms: 22.4215
  type: 'test'
  ...
# Subtest: stable effect geometry and texture details survive restart-style serialization
ok 114 - stable effect geometry and texture details survive restart-style serialization
  ---
  duration_ms: 7.996875
  type: 'test'
  ...
# Subtest: 4K Polaroid and Torn render geometry remains finite and procedural texture output stays bounded
ok 115 - 4K Polaroid and Torn render geometry remains finite and procedural texture output stays bounded
  ---
  duration_ms: 2.05725
  type: 'test'
  ...
# Subtest: editor and export retain one shared expanded-effect geometry and detail implementation
ok 116 - editor and export retain one shared expanded-effect geometry and detail implementation
  ---
  duration_ms: 16.659042
  type: 'test'
  ...
# Subtest: Phase 19 retains simplified inspector and wallpaper assignment while exposing both expanded effects
ok 117 - Phase 19 retains simplified inspector and wallpaper assignment while exposing both expanded effects
  ---
  duration_ms: 3.996417
  type: 'test'
  ...
# Subtest: current Paper Frame styles survive normalization while legacy aliases merge into simplified styles
ok 118 - current Paper Frame styles survive normalization while legacy aliases merge into simplified styles
  ---
  duration_ms: 13.7
  type: 'test'
  ...
# Subtest: legacy Paper Frame aliases still migrate to their current style names
ok 119 - legacy Paper Frame aliases still migrate to their current style names
  ---
  duration_ms: 2.75275
  type: 'test'
  ...
# Subtest: Polaroid photo manipulation is direct, isolated, and committed through undo history
ok 120 - Polaroid photo manipulation is direct, isolated, and committed through undo history
  ---
  duration_ms: 17.074
  type: 'test'
  ...
# Subtest: transparent-capable imported images render without a forced white background
ok 121 - transparent-capable imported images render without a forced white background
  ---
  duration_ms: 2.760584
  type: 'test'
  ...
# Subtest: managed overlay sources are treated as overlay-like and not temporary file placeholders
ok 122 - managed overlay sources are treated as overlay-like and not temporary file placeholders
  ---
  duration_ms: 0.322125
  type: 'test'
  ...
# Subtest: Add Overlay now reuses canvas drop placement instead of a square contain frame
ok 123 - Add Overlay now reuses canvas drop placement instead of a square contain frame
  ---
  duration_ms: 8.54275
  type: 'test'
  ...
# Subtest: dropped transparent images and overlays get transparent, non-framed placement defaults
ok 124 - dropped transparent images and overlays get transparent, non-framed placement defaults
  ---
  duration_ms: 6.272042
  type: 'test'
  ...
# Subtest: background buttons have a clear active state and assign-source text is readable
ok 125 - background buttons have a clear active state and assign-source text is readable
  ---
  duration_ms: 5.107041
  type: 'test'
  ...
# Subtest: Phase 20.2 keeps unassigned placeholders neutral and removes the Add Overlay button
ok 126 - Phase 20.2 keeps unassigned placeholders neutral and removes the Add Overlay button
  ---
  duration_ms: 10.771791
  type: 'test'
  ...
# Subtest: Phase 20.2 restyles active background tabs, surface cards, sliders, and scrollable menus
ok 127 - Phase 20.2 restyles active background tabs, surface cards, sliders, and scrollable menus
  ---
  duration_ms: 4.649416
  type: 'test'
  ...
# Subtest: Phase 20 simplifies effect choices and maps legacy aliases into current paper styles
ok 128 - Phase 20 simplifies effect choices and maps legacy aliases into current paper styles
  ---
  duration_ms: 29.236667
  type: 'test'
  ...
# Subtest: Phase 20 starts effects from calmer user-friendly defaults
ok 129 - Phase 20 starts effects from calmer user-friendly defaults
  ---
  duration_ms: 0.325625
  type: 'test'
  ...
# Subtest: Phase 20 adds managed overlay images instead of temporary overlay file paths
ok 130 - Phase 20 adds managed overlay images instead of temporary overlay file paths
  ---
  duration_ms: 19.992375
  type: 'test'
  ...
# Subtest: Phase 20 removes noisy UI items and keeps PNG-only export controls
ok 131 - Phase 20 removes noisy UI items and keeps PNG-only export controls
  ---
  duration_ms: 3.471125
  type: 'test'
  ...
# Subtest: Phase 22.2 source drops choose one random starting image but keep Add Placeholder frame geometry
ok 132 - Phase 22.2 source drops choose one random starting image but keep Add Placeholder frame geometry
  ---
  duration_ms: 13.785083
  type: 'test'
  ...
# Subtest: Phase 22.2 current desktop preview advances once without the generic generation selector
ok 133 - Phase 22.2 current desktop preview advances once without the generic generation selector
  ---
  duration_ms: 1.359583
  type: 'test'
  ...
# Subtest: Phase 22.2 keeps imported dimensions available but source drops use stable placeholder sizing
ok 134 - Phase 22.2 keeps imported dimensions available but source drops use stable placeholder sizing
  ---
  duration_ms: 22.376708
  type: 'test'
  ...
# Subtest: Phase 22.1 restores blue inspector styling and keeps the inspector header on one row
ok 135 - Phase 22.1 restores blue inspector styling and keeps the inspector header on one row
  ---
  duration_ms: 3.82175
  type: 'test'
  ...
# Subtest: Phase 22.2 exposes previous and next image controls without replacing generation duplicate prevention
ok 136 - Phase 22.2 exposes previous and next image controls without replacing generation duplicate prevention
  ---
  duration_ms: 4.693084
  type: 'test'
  ...
# Subtest: Phase 22.2 advances current desktop preview and left-aligns Add Placeholder
ok 137 - Phase 22.2 advances current desktop preview and left-aligns Add Placeholder
  ---
  duration_ms: 12.556542
  type: 'test'
  ...
# Subtest: phase 22.3.10.1 adds a no-texture paper option
ok 138 - phase 22.3.10.1 adds a no-texture paper option
  ---
  duration_ms: 2.198541
  type: 'test'
  ...
# Subtest: phase 22.3.10.1 disables frame texture rendering when None is selected
ok 139 - phase 22.3.10.1 disables frame texture rendering when None is selected
  ---
  duration_ms: 0.337292
  type: 'test'
  ...
# Subtest: phase 22.3.10.2 frame texture overlay keeps hook order stable when selecting None/Paper/Crumpled
ok 140 - phase 22.3.10.2 frame texture overlay keeps hook order stable when selecting None/Paper/Crumpled
  ---
  duration_ms: 1.726917
  type: 'test'
  ...
# Subtest: phase 22.3.10.2 removes lock layer buttons from canvas controls and the floating toolbar
ok 141 - phase 22.3.10.2 removes lock layer buttons from canvas controls and the floating toolbar
  ---
  duration_ms: 0.467542
  type: 'test'
  ...
# Subtest: Phase 22.3.10.4 supports persistent pasted and dragged web image imports
ok 142 - Phase 22.3.10.4 supports persistent pasted and dragged web image imports
  ---
  duration_ms: 16.058875
  type: 'test'
  ...
# Subtest: Phase 22.3.10.4 removes the images-only UI and keeps video thumbnails eligible
ok 143 - Phase 22.3.10.4 removes the images-only UI and keeps video thumbnails eligible
  ---
  duration_ms: 5.067375
  type: 'test'
  ...
# Subtest: Phase 22.3.10.4 applies Pin Paper branding and removes surface preview swatches
ok 144 - Phase 22.3.10.4 applies Pin Paper branding and removes surface preview swatches
  ---
  duration_ms: 5.880958
  type: 'test'
  ...
# Subtest: Phase 22.3.10.4 decouples torn image tearing from paper border and clips filters to the image area
ok 145 - Phase 22.3.10.4 decouples torn image tearing from paper border and clips filters to the image area
  ---
  duration_ms: 7.877667
  type: 'test'
  ...
# Subtest: Phase 22.3.10.5 uses inline-safe Pin Paper branding inside the renderer
ok 146 - Phase 22.3.10.5 uses inline-safe Pin Paper branding inside the renderer
  ---
  duration_ms: 10.360167
  type: 'test'
  ...
# Subtest: Phase 22.3.10.5 tightens import modal copy and gives close buttons wider shorter hit areas
ok 147 - Phase 22.3.10.5 tightens import modal copy and gives close buttons wider shorter hit areas
  ---
  duration_ms: 6.733125
  type: 'test'
  ...
# Subtest: Phase 22.3.10.5 places the supporting home copy on its own line
ok 148 - Phase 22.3.10.5 places the supporting home copy on its own line
  ---
  duration_ms: 4.742375
  type: 'test'
  ...
# Subtest: Phase 22.3.10.5 removes the opened-template bottom status toast
ok 149 - Phase 22.3.10.5 removes the opened-template bottom status toast
  ---
  duration_ms: 5.381208
  type: 'test'
  ...
# Subtest: Phase 22.3.10.6 removes source media/details UI labels
ok 150 - Phase 22.3.10.6 removes source media/details UI labels
  ---
  duration_ms: 13.618791
  type: 'test'
  ...
# Subtest: Phase 22.3.10.6 removes duplicate background color text and bottom status bars
ok 151 - Phase 22.3.10.6 removes duplicate background color text and bottom status bars
  ---
  duration_ms: 6.132417
  type: 'test'
  ...
# Subtest: Phase 22.3.10.6 removes visible Pinterest web refresh flow
ok 152 - Phase 22.3.10.6 removes visible Pinterest web refresh flow
  ---
  duration_ms: 4.96325
  type: 'test'
  ...
# Subtest: phase 22.3.10 removes the duplicate outer Polaroid border
ok 153 - phase 22.3.10 removes the duplicate outer Polaroid border
  ---
  duration_ms: 12.86925
  type: 'test'
  ...
# Subtest: phase 22.3.10 keeps image step buttons text-only
ok 154 - phase 22.3.10 keeps image step buttons text-only
  ---
  duration_ms: 4.358417
  type: 'test'
  ...
# Subtest: phase 22.3.10 enlarges tear regeneration and photo reset buttons
ok 155 - phase 22.3.10 enlarges tear regeneration and photo reset buttons
  ---
  duration_ms: 5.518833
  type: 'test'
  ...
# Subtest: phase 22.3.10 strengthens visible frame texture
ok 156 - phase 22.3.10 strengthens visible frame texture
  ---
  duration_ms: 4.7185
  type: 'test'
  ...
# Subtest: Phase 22.3.2 Add Placeholder no longer has a second backing rectangle
ok 157 - Phase 22.3.2 Add Placeholder no longer has a second backing rectangle
  ---
  duration_ms: 9.045458
  type: 'test'
  ...
# Subtest: Phase 22.3.2 constrained numbers allow typing before soft validation
ok 158 - Phase 22.3.2 constrained numbers allow typing before soft validation
  ---
  duration_ms: 6.644375
  type: 'test'
  ...
# Subtest: phase 22.3.3 toolbar and dropdown polish
    # Subtest: removes hide layer from the selected-image floating toolbar only
    ok 1 - removes hide layer from the selected-image floating toolbar only
      ---
      duration_ms: 1.415083
      type: 'test'
      ...
    # Subtest: keeps one final dropdown padding standard for inspector and sidebar selects
    ok 2 - keeps one final dropdown padding standard for inspector and sidebar selects
      ---
      duration_ms: 0.577458
      type: 'test'
      ...
    1..2
ok 159 - phase 22.3.3 toolbar and dropdown polish
  ---
  duration_ms: 4.108375
  type: 'suite'
  ...
# Subtest: phase 22.3.6 keeps the white selected-toolbar shell while removing inner blue capsules
ok 160 - phase 22.3.6 keeps the white selected-toolbar shell while removing inner blue capsules
  ---
  duration_ms: 2.676542
  type: 'test'
  ...
# Subtest: phase 22.3.7 removes internal helper copy from the visible effects inspector
ok 161 - phase 22.3.7 removes internal helper copy from the visible effects inspector
  ---
  duration_ms: 9.857
  type: 'test'
  ...
# Subtest: phase 22.3.7+ keeps texture wording without the old wrinkles label
ok 162 - phase 22.3.7+ keeps texture wording without the old wrinkles label
  ---
  duration_ms: 3.991542
  type: 'test'
  ...
# Subtest: phase 22.3.7 keeps the single Settings tab visually neutral
ok 163 - phase 22.3.7 keeps the single Settings tab visually neutral
  ---
  duration_ms: 2.353833
  type: 'test'
  ...
# Subtest: phase 22.3.8 removes Clean Paper and keeps only Polaroid and Torn Paper frame styles
ok 164 - phase 22.3.8 removes Clean Paper and keeps only Polaroid and Torn Paper frame styles
  ---
  duration_ms: 7.796208
  type: 'test'
  ...
# Subtest: phase 22.3.8 replaces texture slider with curated paper texture choices
ok 165 - phase 22.3.8 replaces texture slider with curated paper texture choices
  ---
  duration_ms: 2.387708
  type: 'test'
  ...
# Subtest: phase 22.3.8 keeps Polaroid simple controls without a generic Border Size slider
ok 166 - phase 22.3.8 keeps Polaroid simple controls without a generic Border Size slider
  ---
  duration_ms: 5.289292
  type: 'test'
  ...
# Subtest: phase 22.3.9 restores per-side Polaroid border controls without generic Border Size
ok 167 - phase 22.3.9 restores per-side Polaroid border controls without generic Border Size
  ---
  duration_ms: 13.924916
  type: 'test'
  ...
# Subtest: phase 22.3.9 makes reset placement full-width and keeps text unclipped
ok 168 - phase 22.3.9 makes reset placement full-width and keeps text unclipped
  ---
  duration_ms: 4.030833
  type: 'test'
  ...
# Subtest: phase 22.3.9 uses the real surface renderer for visible frame textures
ok 169 - phase 22.3.9 uses the real surface renderer for visible frame textures
  ---
  duration_ms: 2.961917
  type: 'test'
  ...
# Subtest: phase 22.3 normal source drops use fill while only managed overlays use contain
ok 170 - phase 22.3 normal source drops use fill while only managed overlays use contain
  ---
  duration_ms: 9.024084
  type: 'test'
  ...
# Subtest: phase 22.3.1 quick canvas toolbar is compact but keeps layer controls
ok 171 - phase 22.3.1 quick canvas toolbar is compact but keeps layer controls
  ---
  duration_ms: 1.565417
  type: 'test'
  ...
# Subtest: phase 22.3.1 effects tab removes the extra frame style section but keeps simple frame controls
ok 172 - phase 22.3.1 effects tab removes the extra frame style section but keeps simple frame controls
  ---
  duration_ms: 4.508959
  type: 'test'
  ...
# Subtest: Phase 22 compacts the image inspector, simplifies torn controls, and cleans the surface panel
ok 173 - Phase 22 compacts the image inspector, simplifies torn controls, and cleans the surface panel
  ---
  duration_ms: 12.644792
  type: 'test'
  ...
# Subtest: Phase 22 still avoids duplicate shared-source images across a wallpaper until unique choices are exhausted
ok 174 - Phase 22 still avoids duplicate shared-source images across a wallpaper until unique choices are exhausted
  ---
  duration_ms: 2.487167
  type: 'test'
  ...
# Subtest: Phase 22 surface defaults are tuned for paper and crumpled paper
ok 175 - Phase 22 surface defaults are tuned for paper and crumpled paper
  ---
  duration_ms: 1.572
  type: 'test'
  ...
# Subtest: collects and deduplicates a mocked 700-pin Pinterest board across bookmarks
ok 176 - collects and deduplicates a mocked 700-pin Pinterest board across bookmarks
  ---
  duration_ms: 4.342458
  type: 'test'
  ...
# Subtest: retries a transient failed page without losing collected items
ok 177 - retries a transient failed page without losing collected items
  ---
  duration_ms: 5.687291
  type: 'test'
  ...
# Subtest: stops on a repeated bookmark instead of looping forever
ok 178 - stops on a repeated bookmark instead of looping forever
  ---
  duration_ms: 0.996291
  type: 'test'
  ...
# Subtest: Polaroid defaults preserve the established frame proportions
ok 179 - Polaroid defaults preserve the established frame proportions
  ---
  duration_ms: 1.768709
  type: 'test'
  ...
# Subtest: Polaroid controls normalize independently and survive round-trip serialization
ok 180 - Polaroid controls normalize independently and survive round-trip serialization
  ---
  duration_ms: 2.122667
  type: 'test'
  ...
# Subtest: paper warmth has deterministic warm and cool overlays
ok 181 - paper warmth has deterministic warm and cool overlays
  ---
  duration_ms: 0.686292
  type: 'test'
  ...
# Subtest: direct Polaroid dragging follows the rotated frame axes
ok 182 - direct Polaroid dragging follows the rotated frame axes
  ---
  duration_ms: 2.246292
  type: 'test'
  ...
# Subtest: direct Polaroid corner resizing changes only image scale
ok 183 - direct Polaroid corner resizing changes only image scale
  ---
  duration_ms: 0.366083
  type: 'test'
  ...
# Subtest: direct Polaroid rotation remains stable across the angle wrap
ok 184 - direct Polaroid rotation remains stable across the angle wrap
  ---
  duration_ms: 0.258375
  type: 'test'
  ...
# Subtest: pointer distance is deterministic
ok 185 - pointer distance is deterministic
  ---
  duration_ms: 0.112
  type: 'test'
  ...
# Subtest: current desktop preview randomizes beyond the first alternative instead of bouncing between two images
ok 186 - current desktop preview randomizes beyond the first alternative instead of bouncing between two images
  ---
  duration_ms: 2.206084
  type: 'test'
  ...
# Subtest: current desktop preview avoids duplicate images across placeholders in one click
ok 187 - current desktop preview avoids duplicate images across placeholders in one click
  ---
  duration_ms: 0.36475
  type: 'test'
  ...
# Subtest: resize handles change size while keeping the layer center fixed
ok 188 - resize handles change size while keeping the layer center fixed
  ---
  duration_ms: 3.738167
  type: 'test'
  ...
# Subtest: aspect-locked resizing preserves aspect ratio and center
ok 189 - aspect-locked resizing preserves aspect ratio and center
  ---
  duration_ms: 0.31175
  type: 'test'
  ...
# Subtest: centered resizing remains inside canvas bounds
ok 190 - centered resizing remains inside canvas bounds
  ---
  duration_ms: 0.119625
  type: 'test'
  ...
# Subtest: five-second countdown visibly progresses from 5 to 0
ok 191 - five-second countdown visibly progresses from 5 to 0
  ---
  duration_ms: 3.787917
  type: 'test'
  ...
# Subtest: scheduler runs a five-second task exactly once
ok 192 - scheduler runs a five-second task exactly once
  ---
  duration_ms: 0.629
  type: 'test'
  ...
# Subtest: replacement, duplicate, and cancellation behavior is single-run
ok 193 - replacement, duplicate, and cancellation behavior is single-run
  ---
  duration_ms: 0.179458
  type: 'test'
  ...
# Subtest: manual and scheduled wallpaper work cannot overlap
ok 194 - manual and scheduled wallpaper work cannot overlap
  ---
  duration_ms: 0.133375
  type: 'test'
  ...
# Subtest: stale wallpaper operation can be recovered and old completion cannot unlock the replacement
ok 195 - stale wallpaper operation can be recovered and old completion cannot unlock the replacement
  ---
  duration_ms: 0.089875
  type: 'test'
  ...
# Subtest: shared source queue gives unique images to placeholders in one generation
ok 196 - shared source queue gives unique images to placeholders in one generation
  ---
  duration_ms: 2.975416
  type: 'test'
  ...
# Subtest: queue continues across generations and persists on the source
ok 197 - queue continues across generations and persists on the source
  ---
  duration_ms: 0.919208
  type: 'test'
  ...
# Subtest: fixed placeholders do not consume the source shuffle queue
ok 198 - fixed placeholders do not consume the source shuffle queue
  ---
  duration_ms: 0.288
  type: 'test'
  ...
# Subtest: reuse occurs deterministically only when placeholders outnumber images
ok 199 - reuse occurs deterministically only when placeholders outnumber images
  ---
  duration_ms: 0.267917
  type: 'test'
  ...
# Subtest: shuffle generation avoids the current generated image when possible
ok 200 - shuffle generation avoids the current generated image when possible
  ---
  duration_ms: 0.085875
  type: 'test'
  ...
# Subtest: stable asset-slot planning covers every app-owned Space without changing Store paths
ok 201 - stable asset-slot planning covers every app-owned Space without changing Store paths
  ---
  duration_ms: 6.207958
  type: 'test'
  ...
# Subtest: shared Store records are updated but excluded from the user desktop count
ok 202 - shared Store records are updated but excluded from the user desktop count
  ---
  duration_ms: 0.671083
  type: 'test'
  ...
# Subtest: stable asset-slot planning refuses to overwrite wallpaper files outside the permanent vault
ok 203 - stable asset-slot planning refuses to overwrite wallpaper files outside the permanent vault
  ---
  duration_ms: 0.77625
  type: 'test'
  ...
# Subtest: global backing slots are included only when one wallpaper targets all monitors
ok 204 - global backing slots are included only when one wallpaper targets all monitors
  ---
  duration_ms: 0.790792
  type: 'test'
  ...
# Subtest: surface normalization preserves stable persisted settings
ok 205 - surface normalization preserves stable persisted settings
  ---
  duration_ms: 2.354916
  type: 'test'
  ...
# Subtest: legacy texture projects remain enabled while none stays disabled
ok 206 - legacy texture projects remain enabled while none stays disabled
  ---
  duration_ms: 0.256292
  type: 'test'
  ...
# Subtest: surface seeds and cache keys are deterministic until regenerate is requested
ok 207 - surface seeds and cache keys are deterministic until regenerate is requested
  ---
  duration_ms: 1.929917
  type: 'test'
  ...
# Subtest: preview buffers stay bounded for large wallpapers
ok 208 - preview buffers stay bounded for large wallpapers
  ---
  duration_ms: 0.377958
  type: 'test'
  ...
# Subtest: surface caches have explicit memory bounds
ok 209 - surface caches have explicit memory bounds
  ---
  duration_ms: 0.16425
  type: 'test'
  ...
# Subtest: bundled surface manifest is complete and uses CC0 provenance
ok 210 - bundled surface manifest is complete and uses CC0 provenance
  ---
  duration_ms: 5.509875
  type: 'test'
  ...
# Subtest: every surface manifest entry has an asset and thumbnail
ok 211 - every surface manifest entry has an asset and thumbnail
  ---
  duration_ms: 11.386375
  type: 'test'
  ...
# Subtest: surface aliases keep older projects compatible while the editor shows the new curated set
ok 212 - surface aliases keep older projects compatible while the editor shows the new curated set
  ---
  duration_ms: 0.34
  type: 'test'
  ...
# Subtest: bundled surfaces expose the requested default controls for each sourced texture
ok 213 - bundled surfaces expose the requested default controls for each sourced texture
  ---
  duration_ms: 0.319917
  type: 'test'
  ...
# Subtest: bundled surface presets default to normal blending
ok 214 - bundled surface presets default to normal blending
  ---
  duration_ms: 0.192041
  type: 'test'
  ...
# Subtest: torn paper includes three simplified editable bundled presets
ok 215 - torn paper includes three simplified editable bundled presets
  ---
  duration_ms: 3.423916
  type: 'test'
  ...
# Subtest: applying a torn preset changes editable settings without changing the stable seed
ok 216 - applying a torn preset changes editable settings without changing the stable seed
  ---
  duration_ms: 0.661084
  type: 'test'
  ...
# Subtest: custom torn presets serialize independently from the active effect
ok 217 - custom torn presets serialize independently from the active effect
  ---
  duration_ms: 0.565625
  type: 'test'
  ...
# Subtest: torn texture details are deterministic and regenerate only when the seed changes
ok 218 - torn texture details are deterministic and regenerate only when the seed changes
  ---
  duration_ms: 2.854792
  type: 'test'
  ...
# Subtest: individual torn edges can remain disabled through normalization
ok 219 - individual torn edges can remain disabled through normalization
  ---
  duration_ms: 0.650125
  type: 'test'
  ...
# Subtest: tooltip placement stays inside narrow viewports
ok 220 - tooltip placement stays inside narrow viewports
  ---
  duration_ms: 1.638375
  type: 'test'
  ...
# Subtest: tooltip falls below controls near the top edge
ok 221 - tooltip falls below controls near the top edge
  ---
  duration_ms: 0.246042
  type: 'test'
  ...
# Subtest: render file validation rejects missing and empty files
ok 222 - render file validation rejects missing and empty files
  ---
  duration_ms: 11.527041
  type: 'test'
  ...
# Subtest: cleanup keeps only the newest generated files
ok 223 - cleanup keeps only the newest generated files
  ---
  duration_ms: 10.724209
  type: 'test'
  ...
# Subtest: suggested names cannot escape the generated directory
ok 224 - suggested names cannot escape the generated directory
  ---
  duration_ms: 0.800125
  type: 'test'
  ...
# Subtest: cleanup never removes preserved active wallpaper files
ok 225 - cleanup never removes preserved active wallpaper files
  ---
  duration_ms: 12.649708
  type: 'test'
  ...
# Subtest: manual generation renders once, persists once, and reports generated state
ok 226 - manual generation renders once, persists once, and reports generated state
  ---
  duration_ms: 4.603333
  type: 'test'
  ...
# Subtest: manual application applies the exact generated file and verifies success
ok 227 - manual application applies the exact generated file and verifies success
  ---
  duration_ms: 0.302834
  type: 'test'
  ...
# Subtest: generate and apply is sequential and uses the generated file path
ok 228 - generate and apply is sequential and uses the generated file path
  ---
  duration_ms: 0.521875
  type: 'test'
  ...
# Subtest: generation errors prevent application and preserve the real error
ok 229 - generation errors prevent application and preserve the real error
  ---
  duration_ms: 0.736709
  type: 'test'
  ...
# Subtest: render, persist, and apply timeouts reject instead of leaving the UI busy
ok 230 - render, persist, and apply timeouts reject instead of leaving the UI busy
  ---
  duration_ms: 33.468292
  type: 'test'
  ...
# Subtest: wallpaper set names are Finder-safe
ok 231 - wallpaper set names are Finder-safe
  ---
  duration_ms: 5.005625
  type: 'test'
  ...
# Subtest: wallpaper set paths never overwrite an existing set
ok 232 - wallpaper set paths never overwrite an existing set
  ---
  duration_ms: 7.422834
  type: 'test'
  ...
# Subtest: cleanup deletes only managed old sets and keeps the newest five
ok 233 - cleanup deletes only managed old sets and keeps the newest five
  ---
  duration_ms: 31.85375
  type: 'test'
  ...
# Subtest: erase all removes every child entry but preserves the Wallpaper Sets root
ok 234 - erase all removes every child entry but preserves the Wallpaper Sets root
  ---
  duration_ms: 7.536833
  type: 'test'
  ...
# Subtest: rotation scheduling computes the next run
ok 235 - rotation scheduling computes the next run
  ---
  duration_ms: 3.466084
  type: 'test'
  ...
# Subtest: history navigation does not wrap or mutate history
ok 236 - history navigation does not wrap or mutate history
  ---
  duration_ms: 2.464792
  type: 'test'
  ...
# Subtest: template rotation is planned without mutating persisted state
ok 237 - template rotation is planned without mutating persisted state
  ---
  duration_ms: 0.456583
  type: 'test'
  ...
# Subtest: generated shuffle state is committed only after a successful application
ok 238 - generated shuffle state is committed only after a successful application
  ---
  duration_ms: 0.303833
  type: 'test'
  ...
# Subtest: macOS target discovery preserves inactive Spaces even when wallpapers match
ok 239 - macOS target discovery preserves inactive Spaces even when wallpapers match
  ---
  duration_ms: 0.727959
  type: 'test'
  ...
# Subtest: fade planning creates exactly one overlay assignment per visible display
ok 240 - fade planning creates exactly one overlay assignment per visible display
  ---
  duration_ms: 0.118291
  type: 'test'
  ...
# Subtest: visibility classification consumes duplicate wallpaper paths only once per visible desktop
ok 241 - visibility classification consumes duplicate wallpaper paths only once per visible desktop
  ---
  duration_ms: 0.115292
  type: 'test'
  ...
# Subtest: current desktop resolves to the display containing the app window
ok 242 - current desktop resolves to the display containing the app window
  ---
  duration_ms: 3.392708
  type: 'test'
  ...
# Subtest: current monitor honors the explicit monitor selection
ok 243 - current monitor honors the explicit monitor selection
  ---
  duration_ms: 0.328084
  type: 'test'
  ...
# Subtest: all visible monitors selects every reliable connected physical display
ok 244 - all visible monitors selects every reliable connected physical display
  ---
  duration_ms: 0.22025
  type: 'test'
  ...
# Subtest: inactive Space modes retain their physical display scope
ok 245 - inactive Space modes retain their physical display scope
  ---
  duration_ms: 0.302167
  type: 'test'
  ...
# Subtest: macOS all-desktop implementation is diagnostic-driven, transactional, and uses the modern Store on macOS 15
ok 246 - macOS all-desktop implementation is diagnostic-driven, transactional, and uses the modern Store on macOS 15
  ---
  duration_ms: 5.231292
  type: 'test'
  ...
# Subtest: targeting UI hides low-level targets and exposes only supported wallpaper assignment choices
ok 247 - targeting UI hides low-level targets and exposes only supported wallpaper assignment choices
  ---
  duration_ms: 1.16625
  type: 'test'
  ...
1..247
# tests 248
# suites 1
# pass 248
# fail 0
# cancelled 0
# skipped 0
# todo 0
# duration_ms 1678.830708

> pin-paper@0.1.0 build
> tsc && vite build && node scripts/inline-renderer-assets.cjs && npm run build:electron

vite v8.0.16 building client environment for production...
[2Ktransforming...✓ 1597 modules transformed.
rendering chunks...
computing gzip size...
dist/renderer/index.html                               0.39 kB │ gzip:   0.26 kB
dist/renderer/assets/paper-CUeaSNll.webp              10.58 kB
dist/renderer/assets/grid-paper-JBgwdWet.webp         13.28 kB
dist/renderer/assets/dotted-paper-DvrsNG4f.webp       13.80 kB
dist/renderer/assets/crumpled-paper-C1_fiSSh.webp     50.62 kB
dist/renderer/assets/dotted-paper-dO_ndJPJ.webp    1,508.36 kB
dist/renderer/assets/grid-paper-CG9g66sk.webp      1,509.13 kB
dist/renderer/assets/paper-Cx8Fw7Io.webp           1,515.00 kB
dist/renderer/assets/index-CPrG3lil.css               90.74 kB │ gzip:  18.52 kB
dist/renderer/assets/index-C4pEHnYP.js               420.26 kB │ gzip: 142.53 kB

✓ built in 596ms
Inlined index-CPrG3lil.css and index-C4pEHnYP.js into dist/renderer/index.html

> pin-paper@0.1.0 build:electron
> tsc -p tsconfig.electron.json

10. Packaging app directory...

> pin-paper@0.1.0 app:dir
> npm run build && electron-builder --dir


> pin-paper@0.1.0 build
> tsc && vite build && node scripts/inline-renderer-assets.cjs && npm run build:electron

vite v8.0.16 building client environment for production...
[2Ktransforming...✓ 1597 modules transformed.
rendering chunks...
computing gzip size...
dist/renderer/index.html                               0.39 kB │ gzip:   0.26 kB
dist/renderer/assets/paper-CUeaSNll.webp              10.58 kB
dist/renderer/assets/grid-paper-JBgwdWet.webp         13.28 kB
dist/renderer/assets/dotted-paper-DvrsNG4f.webp       13.80 kB
dist/renderer/assets/crumpled-paper-C1_fiSSh.webp     50.62 kB
dist/renderer/assets/dotted-paper-dO_ndJPJ.webp    1,508.36 kB
dist/renderer/assets/grid-paper-CG9g66sk.webp      1,509.13 kB
dist/renderer/assets/paper-Cx8Fw7Io.webp           1,515.00 kB
dist/renderer/assets/index-CPrG3lil.css               90.74 kB │ gzip:  18.52 kB
dist/renderer/assets/index-C4pEHnYP.js               420.26 kB │ gzip: 142.53 kB

✓ built in 366ms
Inlined index-CPrG3lil.css and index-C4pEHnYP.js into dist/renderer/index.html

> pin-paper@0.1.0 build:electron
> tsc -p tsconfig.electron.json

  • electron-builder  version=26.15.3 os=24.6.0
  • loaded configuration  file=package.json ("build" field)
  • executing @electron/rebuild  electronVersion=39.8.5 arch=arm64 buildFromSource=false workspaceRoot=/Users/Evelyn/Documents/PROGAYER/Projects/Pinterest Wallpaper Compiler projectDir=./ appDir=./
  • installing native dependencies  arch=arm64
  • completed installing native dependencies
  • packaging       platform=darwin arch=arm64 electron=39.8.5 appOutDir=release/mac-arm64
  • downloaded      label=electron progress=100%
  • downloaded electron zip extracted successfully  output=/Users/Evelyn/Documents/PROGAYER/Projects/Pinterest Wallpaper Compiler/release/mac-arm64
  • searching for node modules  pm=npm searchDir=/Users/Evelyn/Documents/PROGAYER/Projects/Pinterest Wallpaper Compiler
  • downloaded      label=icons-bundle.tar.gz progress=100%
  • skipped macOS application code signing  reason=cannot find valid "Developer ID Application" identity or custom non-Apple code signing certificate, it could cause some undefined behaviour, e.g. macOS localized description not visible, see https://electron.build/code-signing allIdentities=  1) FBE7ED79443F08FD0E8248054A2C6D3EAB34849B "Petes-MBP" (CSSMERR_TP_CERT_EXPIRED)
  2) 001D1497983D5F98E77EB1A6A3997F390BD0B883 "Petes-MacBook-Pro.local" (CSSMERR_TP_CERT_EXPIRED)
  3) CAA3582D78A46604EDC7DA6DDF5D86156717D862 "localhost" (CSSMERR_TP_CERT_EXPIRED)
  4) 9DE1898262CC71C44280F0F65F4C5C00E5D41CE6 "desktop-de5b9gc.fusdk12.net" (CSSMERR_TP_CERT_EXPIRED)
  5) 179FA7094964D33ABD7EE3A8AA03041C4A9F227A "vibez.fusdk12.net" (CSSMERR_TP_CERT_EXPIRED)
  6) 3AECD0505753EAAD7CA7E78B5E1C11D56A41B17F "msjh91970-cc.mission.fmtusd.org" (CSSMERR_TP_CERT_EXPIRED)
  7) C4A7782E107B59B60EFE33FC27A158C2C357FABA "fusd-tl109641w.mission.fmtusd.org" (CSSMERR_TP_CERT_EXPIRED)
  8) 323F6510C97C24BD370E32D55F38E89E954F31A6 "tianxin-laptop.fusdk12.net" (CSSMERR_TP_CERT_EXPIRED)
  9) F9026CE359002138996CEDA4EE231826D9014BC4 "msjh100025-cc.mission.fmtusd.org" (CSSMERR_TP_CERT_EXPIRED)
 10) E4937F0AC56B276BBF211C11B25949513749760C "Petes-MacBook-Pro.local" (CSSMERR_TP_CERT_EXPIRED)
 11) 9D8F749C99D4CA1B16270779A5A7675EA2D0DEFC "desktop-53ufqn7.fusdk12.net" (CSSMERR_TP_CERT_EXPIRED)
 12) 114E4A6DB4D0DA97D6229716B84B3EB5018ECCC2 "localhost" (CSSMERR_TP_CERT_EXPIRED)
 13) E9B4B481FEC17606F25E090851ACDB1D40171657 "msi.fusdk12.net" (CSSMERR_TP_CERT_EXPIRED)
 14) 6328D7585BBC98F0987985AFDE8A6B3715D775EA "oliviasurface.fusdk12.net" (CSSMERR_TP_CERT_EXPIRED)
 15) 4834E32E15B8EF67E072772E6F76251169E66E6B "galaxymap.fusdk12.net" (CSSMERR_TP_CERT_EXPIRED)
 16) F50DA429CFA065B7D18A9487B46DF6F7C614293A "Eric-MacBook-Pro-2.local" (CSSMERR_TP_CERT_EXPIRED)
 17) CFAA038FA9AE45094AD8B1D00BD68BC7B728D92F "howardt490s.fusdk12.net" (CSSMERR_TP_CERT_EXPIRED)
 18) 9BE82BD8DA15999E4792C1DF1A44FFA116BB519D "eric-mbp-2.localdomain" (CSSMERR_TP_CERT_EXPIRED)
 19) FCC7DC710AB8385A063C6DC189323BDD33A0785C "macbookpro.localdomain" (CSSMERR_TP_CERT_EXPIRED)
 20) 7D40E91A31998520CF6531466927F59F830F6913 "desktop-9bs226b.fusdk12.net" (CSSMERR_TP_CERT_EXPIRED)
 21) 6F399DD4E52BFEC3F2685B5A3D50C3E32BE306F9 "msjh96364-cct.mission.fmtusd.org" (CSSMERR_TP_CERT_EXPIRED)
 22) A3A3774C5F706234BDE51D69134C5A2D1CB7C563 "lenovo-ideapad5.fusdk12.net" (CSSMERR_TP_CERT_EXPIRED)
 23) 871ADBE3DCB9E03B7AF1C558C5D1938526F3E450 "macbookpro.mshome.net" (CSSMERR_TP_CERT_EXPIRED)
 24) CDA17A4CC8A48D622087F87473D7BB639CA69FDD "MacBook-Pro.local" (CSSMERR_TP_NOT_TRUSTED)
 25) 95B1D106213B0F1E155F658DE8C16D6398ED9F56 "MacBook-Pro-10.local" (CSSMERR_TP_NOT_TRUSTED)
 26) B073847B4A619E2776E75BB1C589988FD1DF94B4 "MacBook-Pro-55.local" (CSSMERR_TP_NOT_TRUSTED)
 27) 69936DC89ACFE1904E27DB6391A399B3FDA47C8F "pal-nat186-70-58.itap.purdue.edu" (CSSMERR_TP_NOT_TRUSTED)
 28) 427B295EB35593F01C9E02D3B0876C5F3F21054B "localhost" (CSSMERR_TP_NOT_TRUSTED)
 29) 78E7F4073EEDBC76AC4F114E1DC5FD67B608DB96 "fe80::4fb:4df6:326a:f504%en0" (CSSMERR_TP_NOT_TRUSTED)
 30) 494814ED6FE667789C9114466DC1465BA948555F "mac" (CSSMERR_TP_NOT_TRUSTED)
     30 identities found
                                                Valid identities only
     0 valid identities found
Refusing launch: built app contains microphone usage text or audio-input entitlement.
